[Architectury Transformer DEBUG] Transforming 5 transformer(s) from C:\Users\Ddraig__\Downloads\MODS_CREATION\Entropica\common\build\devlibs\common-1.0.0-dev.jar to c:\Users\Ddraig__\Downloads\MODS_CREATION\Entropica\scratch\common-test-transformed.jar: 
[Architectury Transformer DEBUG]  - dev.architectury.transformer.transformers.TransformExpectPlatform@224a7c15
[Architectury Transformer DEBUG]  - dev.architectury.transformer.transformers.RemapInjectables@50030a27
[Architectury Transformer DEBUG]  - dev.architectury.transformer.transformers.TransformPlatformOnly@2e58644a
[Architectury Transformer DEBUG]  - dev.architectury.transformer.transformers.TransformNeoForgeAnnotations@201c6f3
[Architectury Transformer DEBUG]  - dev.architectury.transformer.transformers.TransformNeoForgeEnvironment@735ab872
[Architectury Transformer DEBUG] Transforming from C:\Users\Ddraig__\Downloads\MODS_CREATION\Entropica\common\build\devlibs\common-1.0.0-dev.jar to c:\Users\Ddraig__\Downloads\MODS_CREATION\Entropica\scratch\common-test-transformed.jar with 5 transformer(s) on dev.architectury.transformer.handler.SimpleTransformerHandler
[Architectury Transformer DEBUG] Remapping with 1 mapping provider(s):
[Architectury Transformer DEBUG]  - dev.architectury.transformer.transformers.TransformNeoForgeEnvironment$$Lambda/0x0000020c01d514e0@64d83377
[Architectury Transformer DEBUG] Provided 0 classpath jar(s):
[Architectury Transformer] Read classpath in 1.014 ms
[Architectury Transformer DEBUG] Remapping Classes:
[Architectury Transformer DEBUG] net/fabricmc/api/EnvType -> net/neoforged/api/distmarker/Dist
[Architectury Transformer DEBUG] net/fabricmc/api/Environment -> net/neoforged/api/distmarker/OnlyIn
[Architectury Transformer DEBUG] Found class transformer
[Architectury Transformer DEBUG] Writing ddraig/net/entropica/Entropica with maxs=true frames=true
[Architectury Transformer DEBUG] Writing ddraig/net/entropica/util/PersistentDataHolder with maxs=true frames=true
[Architectury Transformer DEBUG] Writing ddraig/net/entropica/util/EntityHelper with maxs=true frames=true
[Architectury Transformer DEBUG] Writing ddraig/net/entropica/registry/ModItems with maxs=true frames=true
[Architectury Transformer DEBUG] Writing ddraig/net/entropica/registry/ModBlockEntities with maxs=true frames=true
[Architectury Transformer DEBUG] Writing ddraig/net/entropica/registry/ModBlocks$BlocksWrapper with maxs=true frames=true
[Architectury Transformer DEBUG] Writing ddraig/net/entropica/registry/ModRecipes$FusionSerializer with maxs=true frames=true
[Architectury Transformer DEBUG] Writing ddraig/net/entropica/registry/ModParticles$1 with maxs=true frames=true
[Architectury Transformer DEBUG] Writing ddraig/net/entropica/registry/ModParticles with maxs=true frames=true
[Architectury Transformer DEBUG] Writing ddraig/net/entropica/registry/BlockEntityHelper with maxs=true frames=true
[Architectury Transformer DEBUG] Writing ddraig/net/entropica/registry/ModBlocks with maxs=true frames=true
[Architectury Transformer DEBUG] Writing ddraig/net/entropica/registry/ModItems$ItemsWrapper with maxs=true frames=true
[Architectury Transformer DEBUG] Writing ddraig/net/entropica/registry/ModEnchantments with maxs=true frames=true
[Architectury Transformer DEBUG] Writing ddraig/net/entropica/registry/ModCreativeTabs with maxs=true frames=true
[Architectury Transformer DEBUG] Writing ddraig/net/entropica/registry/ModSounds with maxs=true frames=true
[Architectury Transformer DEBUG] Writing ddraig/net/entropica/registry/ModFluids with maxs=true frames=true
[Architectury Transformer DEBUG] Writing ddraig/net/entropica/registry/ModRecipes with maxs=true frames=true
[Architectury Transformer DEBUG] Writing ddraig/net/entropica/registry/ModDataComponents with maxs=true frames=true
[Architectury Transformer DEBUG] Writing ddraig/net/entropica/registry/ModAttachments with maxs=true frames=true
[Architectury Transformer DEBUG] Writing ddraig/net/entropica/registry/ModEffects with maxs=true frames=true
[Architectury Transformer DEBUG] Writing ddraig/net/entropica/registry/ModRecipes$1 with maxs=true frames=true
[Architectury Transformer DEBUG] Writing ddraig/net/entropica/registry/ModRecipes$2 with maxs=true frames=true
[Architectury Transformer DEBUG] Writing ddraig/net/entropica/registry/ModMenuTypes with maxs=true frames=true
[Architectury Transformer DEBUG] Writing ddraig/net/entropica/registry/ModEntityTypes with maxs=true frames=true
[Architectury Transformer DEBUG] Writing ddraig/net/entropica/registry/ModEntityTags with maxs=true frames=true
[Architectury Transformer DEBUG] Writing ddraig/net/entropica/recipe/HardcodedRecipes with maxs=true frames=true
[Architectury Transformer DEBUG] Writing ddraig/net/entropica/recipe/EidolicLatheRecipe$Serializer with maxs=true frames=true
[Architectury Transformer DEBUG] Writing ddraig/net/entropica/recipe/AethericSynthesizerRecipe with maxs=true frames=true
[Architectury Transformer DEBUG] Writing ddraig/net/entropica/recipe/AethericSynthesizerRecipe$Type with maxs=true frames=true
[Architectury Transformer DEBUG] Writing ddraig/net/entropica/recipe/AethericSynthesizerRecipe$Serializer with maxs=true frames=true
[Architectury Transformer DEBUG] Writing ddraig/net/entropica/recipe/PressureChamberRecipe with maxs=true frames=true
[Architectury Transformer DEBUG] Writing ddraig/net/entropica/recipe/FusionRecipe$Serializer with maxs=true frames=true
[Architectury Transformer DEBUG] Writing ddraig/net/entropica/recipe/FusionRecipe with maxs=true frames=true
[Architectury Transformer DEBUG] Writing ddraig/net/entropica/recipe/FluidCraftingInput with maxs=true frames=true
[Architectury Transformer DEBUG] Writing ddraig/net/entropica/recipe/DilutedEssenceRecipe with maxs=true frames=true
[Architectury Transformer DEBUG] Writing ddraig/net/entropica/recipe/EidolicLatheRecipe with maxs=true frames=true
[Architectury Transformer DEBUG] Writing ddraig/net/entropica/recipe/PressureChamberRecipe$Serializer with maxs=true frames=true
[Architectury Transformer DEBUG] Writing ddraig/net/entropica/recipe/PressureChamberRecipeInput with maxs=true frames=true
[Architectury Transformer DEBUG] Writing ddraig/net/entropica/recipe/DilutedEssenceRecipe$Serializer with maxs=true frames=true
[Architectury Transformer DEBUG] Writing ddraig/net/entropica/recipe/EidolicLatheRecipe$Type with maxs=true frames=true
[Architectury Transformer DEBUG] Writing ddraig/net/entropica/recipe/PressureChamberRecipe$Type with maxs=true frames=true
[Architectury Transformer DEBUG] Writing ddraig/net/entropica/network/ParticleGeneratorScrollPayload with maxs=true frames=true
[Architectury Transformer DEBUG] Writing ddraig/net/entropica/network/TerminalCraftPayload with maxs=true frames=true
[Architectury Transformer DEBUG] Writing ddraig/net/entropica/network/WeaponNamingPayload with maxs=true frames=true
[Architectury Transformer DEBUG] Writing ddraig/net/entropica/network/GeneratorScrollPayload with maxs=true frames=true
[Architectury Transformer DEBUG] Writing ddraig/net/entropica/network/ModNetwork with maxs=true frames=true
[Architectury Transformer DEBUG] Writing ddraig/net/entropica/item/SpoolItem with maxs=true frames=true
[Architectury Transformer DEBUG] Writing ddraig/net/entropica/item/VisFumeAmpouleItem with maxs=true frames=true
[Architectury Transformer DEBUG] Writing ddraig/net/entropica/item/EssenceItem with maxs=true frames=true
[Architectury Transformer DEBUG] Writing ddraig/net/entropica/item/VoidResonantTuningForkItem with maxs=true frames=true
[Architectury Transformer DEBUG] Writing ddraig/net/entropica/item/EssenceHarvestingBladeItem with maxs=true frames=true
[Architectury Transformer DEBUG] Writing ddraig/net/entropica/item/VisValueDetectorItem with maxs=true frames=true
[Architectury Transformer DEBUG] Writing ddraig/net/entropica/item/DynamicVisCrossbowItem with maxs=true frames=true
[Architectury Transformer DEBUG] Writing ddraig/net/entropica/item/EssenceAmpouleItem with maxs=true frames=true
[Architectury Transformer DEBUG] Writing ddraig/net/entropica/item/RuneItem with maxs=true frames=true
[Architectury Transformer DEBUG] Writing ddraig/net/entropica/item/DynamicVisWeaponItem with maxs=true frames=true
[Architectury Transformer DEBUG] Writing ddraig/net/entropica/item/OrbisCellItem with maxs=true frames=true
[Architectury Transformer DEBUG] Writing ddraig/net/entropica/item/EidolonPathmarkerItem with maxs=true frames=true
[Architectury Transformer DEBUG] Writing ddraig/net/entropica/item/DynamicVisBowItem with maxs=true frames=true
[Architectury Transformer DEBUG] Writing ddraig/net/entropica/item/EntropicaComponentItem with maxs=true frames=true
[Architectury Transformer DEBUG] Writing ddraig/net/entropica/item/SpoolItem$1 with maxs=true frames=true
[Architectury Transformer DEBUG] Writing ddraig/net/entropica/item/AethericVisionItem with maxs=true frames=true
[Architectury Transformer DEBUG] Writing ddraig/net/entropica/inventory/SynthesizerUserInterfaceMenu$1 with maxs=true frames=true
[Architectury Transformer DEBUG] Writing ddraig/net/entropica/inventory/SynthesizerUserInterfaceMenu with maxs=true frames=true
[Architectury Transformer DEBUG] Writing ddraig/net/entropica/event/MobDropHandler with maxs=true frames=true
[Architectury Transformer DEBUG] Writing ddraig/net/entropica/event/ModEntityEvents with maxs=true frames=true
[Architectury Transformer DEBUG] Writing ddraig/net/entropica/event/VisTooltipEventHandler with maxs=true frames=true
[Architectury Transformer DEBUG] Writing ddraig/net/entropica/event/EssenceMappingEvents with maxs=true frames=true
[Architectury Transformer DEBUG] Writing ddraig/net/entropica/entity/EidolicShadowEntity with maxs=true frames=true
[Architectury Transformer DEBUG] Writing ddraig/net/entropica/entity/EssenceOrbEntity with maxs=true frames=true
[Architectury Transformer DEBUG] Writing ddraig/net/entropica/entity/EssenceNodeEntity with maxs=true frames=true
[Architectury Transformer DEBUG] Writing ddraig/net/entropica/entity/EssenceOrbEntity$1 with maxs=true frames=true
[Architectury Transformer DEBUG] Writing ddraig/net/entropica/entity/veil_fox/VeilFoxEntity$BlinkTagGoal with maxs=true frames=true
[Architectury Transformer DEBUG] Writing ddraig/net/entropica/entity/veil_fox/VeilFoxEntity with maxs=true frames=true
[Architectury Transformer DEBUG] Writing ddraig/net/entropica/entity/veil_fox/VeilFoxEntity$HideAndSeekGoal with maxs=true frames=true
[Architectury Transformer DEBUG] Writing ddraig/net/entropica/entity/veil_fox/VeilFoxEntity$BringGiftGoal with maxs=true frames=true
[Architectury Transformer DEBUG] Writing ddraig/net/entropica/entity/veil_fox/VeilFoxEntity$EssenceHotPotatoGoal with maxs=true frames=true
[Architectury Transformer DEBUG] Writing ddraig/net/entropica/entity/veil_fox/VeilFoxEntity$VoidLeapfrogGoal with maxs=true frames=true
[Architectury Transformer DEBUG] Writing ddraig/net/entropica/entity/veil_fox/VeilFoxEntity$FollowOwnerBlinkingGoal with maxs=true frames=true
[Architectury Transformer DEBUG] Writing ddraig/net/entropica/entity/veil_fox/VeilFoxEntity$MirrorMatchGoal with maxs=true frames=true
[Architectury Transformer DEBUG] Writing ddraig/net/entropica/entity/veil_fox/VeilFoxEntity$AmbushPracticeGoal with maxs=true frames=true
[Architectury Transformer DEBUG] Writing ddraig/net/entropica/entity/veil_fox/VeilFoxEntity$EmpathicResonanceGoal with maxs=true frames=true
[Architectury Transformer DEBUG] Writing ddraig/net/entropica/entity/veil_fox/VeilFoxAfterimageEntity with maxs=true frames=true
[Architectury Transformer DEBUG] Writing ddraig/net/entropica/entity/veil_fox/VeilFoxEntity$DefensiveDistractionGoal with maxs=true frames=true
[Architectury Transformer DEBUG] Writing ddraig/net/entropica/entity/veil_fox/VeilFoxEntity$FoxMeleeAttackGoal with maxs=true frames=true
[Architectury Transformer DEBUG] Writing ddraig/net/entropica/entity/veil_fox/VeilFoxEntity$EssenceSharingGoal with maxs=true frames=true
[Architectury Transformer DEBUG] Writing ddraig/net/entropica/entity/veil_fox/VeilFoxEntity$CombatFetchGoal with maxs=true frames=true
[Architectury Transformer DEBUG] Writing ddraig/net/entropica/entity/veil_fox/VeilFoxEntity$ProgressiveTameGoal with maxs=true frames=true
[Architectury Transformer DEBUG] Writing ddraig/net/entropica/entity/veil_fox/VeilFoxEntity$GuidingLightGoal with maxs=true frames=true
[Architectury Transformer DEBUG] Writing ddraig/net/entropica/entity/veil_fox/VeilFoxEntity$StartledBlinkGoal with maxs=true frames=true
[Architectury Transformer DEBUG] Writing ddraig/net/entropica/entity/veil_fox/VeilFoxEntity$HideAndSeekHiderGoal with maxs=true frames=true
[Architectury Transformer DEBUG] Writing ddraig/net/entropica/entity/veil_fox/VeilFoxEntity$FoxSleepGoal with maxs=true frames=true
[Architectury Transformer DEBUG] Writing ddraig/net/entropica/entity/veil_fox/VeilFoxEntity$PhantomHerdingGoal with maxs=true frames=true
[Architectury Transformer DEBUG] Writing ddraig/net/entropica/entity/veil_fox/VeilFoxEntity$1 with maxs=true frames=true
[Architectury Transformer DEBUG] Writing ddraig/net/entropica/entity/veil_fox/VeilFoxEntity$PerchOnElevationGoal with maxs=true frames=true
[Architectury Transformer DEBUG] Writing ddraig/net/entropica/entity/veil_fox/VeilFoxEntity$ArcaneKingOfTheHillGoal with maxs=true frames=true
[Architectury Transformer DEBUG] Writing ddraig/net/entropica/entity/veil_fox/VeilFoxEntity$NightGatheringGoal with maxs=true frames=true
[Architectury Transformer DEBUG] Writing ddraig/net/entropica/entity/veil_fox/VeilFoxEntity$VoidFetchGoal with maxs=true frames=true
[Architectury Transformer DEBUG] Writing ddraig/net/entropica/entity/veil_fox/VeilFoxEntity$AuraCleansingGoal with maxs=true frames=true
[Architectury Transformer DEBUG] Writing ddraig/net/entropica/entity/veil_fox/VeilFoxEntity$CuriousItemInspectorGoal with maxs=true frames=true
[Architectury Transformer DEBUG] Writing ddraig/net/entropica/entity/veil_fox/VeilFoxEntity$DetectHiddenTargetGoal with maxs=true frames=true
[Architectury Transformer DEBUG] Writing ddraig/net/entropica/entity/grot/GrotEntity with maxs=true frames=true
[Architectury Transformer DEBUG] Writing ddraig/net/entropica/entity/grot/GrotEntity$8 with maxs=true frames=true
[Architectury Transformer DEBUG] Writing ddraig/net/entropica/entity/grot/GrotEntity$7 with maxs=true frames=true
[Architectury Transformer DEBUG] Writing ddraig/net/entropica/entity/grot/GrotEntity$3 with maxs=true frames=true
[Architectury Transformer DEBUG] Writing ddraig/net/entropica/entity/grot/GrotEntity$5 with maxs=true frames=true
[Architectury Transformer DEBUG] Writing ddraig/net/entropica/entity/grot/GrotEntity$1 with maxs=true frames=true
[Architectury Transformer DEBUG] Writing ddraig/net/entropica/entity/grot/GrotEntity$9 with maxs=true frames=true
[Architectury Transformer DEBUG] Writing ddraig/net/entropica/entity/grot/GrotEntity$2 with maxs=true frames=true
[Architectury Transformer DEBUG] Writing ddraig/net/entropica/entity/grot/GrotEntity$4 with maxs=true frames=true
[Architectury Transformer DEBUG] Writing ddraig/net/entropica/entity/grot/GrotEntity$6 with maxs=true frames=true
[Architectury Transformer DEBUG] Writing ddraig/net/entropica/entity/grot/GrotSpawnRegistry with maxs=true frames=true
[Architectury Transformer DEBUG] Writing ddraig/net/entropica/entity/grot/GrotSpawnRegistry$WeightedList with maxs=true frames=true
[Architectury Transformer DEBUG] Writing ddraig/net/entropica/entity/grot/GrotSpawnRegistry$WeightedList$Entry with maxs=true frames=true
[Architectury Transformer DEBUG] Writing ddraig/net/entropica/entity/grot/GrotEntity$18 with maxs=true frames=true
[Architectury Transformer DEBUG] Writing ddraig/net/entropica/entity/grot/GrotEntity$17 with maxs=true frames=true
[Architectury Transformer DEBUG] Writing ddraig/net/entropica/entity/grot/GrotEntity$12 with maxs=true frames=true
[Architectury Transformer DEBUG] Writing ddraig/net/entropica/entity/grot/GrotEntity$10 with maxs=true frames=true
[Architectury Transformer DEBUG] Writing ddraig/net/entropica/entity/grot/GrotEntity$14 with maxs=true frames=true
[Architectury Transformer DEBUG] Writing ddraig/net/entropica/entity/grot/GrotEntity$11 with maxs=true frames=true
[Architectury Transformer DEBUG] Writing ddraig/net/entropica/entity/grot/GrotEntity$16 with maxs=true frames=true
[Architectury Transformer DEBUG] Writing ddraig/net/entropica/entity/grot/GrotEntity$13 with maxs=true frames=true
[Architectury Transformer DEBUG] Writing ddraig/net/entropica/entity/grot/GrotEntity$15 with maxs=true frames=true
[Architectury Transformer DEBUG] Writing ddraig/net/entropica/entity/grot/GrotFusionHelper with maxs=true frames=true
[Architectury Transformer DEBUG] Writing ddraig/net/entropica/entity/ashen_stalker/AshenStalkerEntity with maxs=true frames=true
[Architectury Transformer DEBUG] Writing ddraig/net/entropica/entity/ashen_stalker/AshenStalkerEntity$StalkerTerritoryPatrolGoal with maxs=true frames=true
[Architectury Transformer DEBUG] Writing ddraig/net/entropica/entity/ashen_stalker/AshenStalkerEntity$StalkerInvestigateGoal with maxs=true frames=true
[Architectury Transformer DEBUG] Writing ddraig/net/entropica/entity/ashen_stalker/AshenStalkerEntity$StalkerScentingGoal with maxs=true frames=true
[Architectury Transformer DEBUG] Writing ddraig/net/entropica/entity/ashen_stalker/AshenStalkerEntity$StalkerHuntGoal with maxs=true frames=true
[Architectury Transformer DEBUG] Writing ddraig/net/entropica/entity/ashen_stalker/AshenStalkerEntity$StalkerTerritoryTargetGoal with maxs=true frames=true
[Architectury Transformer DEBUG] Writing ddraig/net/entropica/entity/ashen_stalker/AshenStalkerEntity$StalkerTheftAggroGoal with maxs=true frames=true
[Architectury Transformer DEBUG] Writing ddraig/net/entropica/entity/ashen_stalker/AshenStalkerEntity$StalkerFeedGoal with maxs=true frames=true
[Architectury Transformer DEBUG] Writing ddraig/net/entropica/entity/ashen_stalker/AshenStalkerEntity$StalkerClashTargetGoal with maxs=true frames=true
[Architectury Transformer DEBUG] Writing ddraig/net/entropica/entity/ashen_stalker/AshenStalkerEntity$StalkerPreyTargetGoal with maxs=true frames=true
[Architectury Transformer DEBUG] Writing ddraig/net/entropica/entity/ashen_stalker/AshenStalkerEntity$StalkerBlindScentTargetGoal with maxs=true frames=true
[Architectury Transformer DEBUG] Writing ddraig/net/entropica/effect/MateriaToxicityEffect with maxs=true frames=true
[Architectury Transformer DEBUG] Writing ddraig/net/entropica/effect/VoidTearEffect with maxs=true frames=true
[Architectury Transformer DEBUG] Writing ddraig/net/entropica/effect/MateriaToxicityEffect$1 with maxs=true frames=true
[Architectury Transformer DEBUG] Writing ddraig/net/entropica/config/EntropicaConfig with maxs=true frames=true
[Architectury Transformer DEBUG] Writing ddraig/net/entropica/component/VisWeaponState with maxs=true frames=true
[Architectury Transformer DEBUG] Writing ddraig/net/entropica/component/EssenceCombatStats with maxs=true frames=true
[Architectury Transformer DEBUG] Writing ddraig/net/entropica/component/EssenceCombatStats$Builder with maxs=true frames=true
[Architectury Transformer DEBUG] Writing ddraig/net/entropica/component/VisWeaponState$Builder with maxs=true frames=true
[Architectury Transformer DEBUG] Writing ddraig/net/entropica/compat/jei/EssenceExtractionCategory with maxs=true frames=true
[Architectury Transformer DEBUG] Writing ddraig/net/entropica/compat/jei/AethericSynthesizerRecipeCategory with maxs=true frames=true
[Architectury Transformer DEBUG] Writing ddraig/net/entropica/compat/jei/PressureChamberRecipeCategory with maxs=true frames=true
[Architectury Transformer DEBUG] Writing ddraig/net/entropica/compat/jei/EidolicLatheRecipeCategory with maxs=true frames=true
[Architectury Transformer DEBUG] Writing ddraig/net/entropica/compat/jei/VisFusionRecipeCategory with maxs=true frames=true
[Architectury Transformer DEBUG] Writing ddraig/net/entropica/compat/jei/EssenceExtractionRecipe with maxs=true frames=true
[Architectury Transformer DEBUG] Writing ddraig/net/entropica/command/ModCommands with maxs=true frames=true
[Architectury Transformer DEBUG] Writing ddraig/net/entropica/command/EssenceNodeCommands with maxs=true frames=true
[Architectury Transformer DEBUG] Writing ddraig/net/entropica/command/VeilFoxCommands with maxs=true frames=true
[Architectury Transformer DEBUG] Writing ddraig/net/entropica/command/GrotSummonCommands with maxs=true frames=true
[Architectury Transformer DEBUG] Writing ddraig/net/entropica/combat/VisInteractionManager with maxs=true frames=true
[Architectury Transformer DEBUG] Writing ddraig/net/entropica/client/ModItemTintSources$GeneratorTint with maxs=true frames=true
[Architectury Transformer DEBUG] Writing ddraig/net/entropica/client/ModItemTintSources$EssenceTint with maxs=true frames=true
[Architectury Transformer DEBUG] Writing ddraig/net/entropica/client/ModItemTintSources$FumeGlassTint with maxs=true frames=true
[Architectury Transformer DEBUG] Writing ddraig/net/entropica/client/ModItemTintSources$AmpouleTint with maxs=true frames=true
[Architectury Transformer DEBUG] Writing ddraig/net/entropica/client/ModItemTintSources with maxs=true frames=true
[Architectury Transformer DEBUG] Writing ddraig/net/entropica/client/renderer/EidolicFocalPedestalRenderer with maxs=true frames=true
[Architectury Transformer DEBUG] Writing ddraig/net/entropica/client/renderer/EntropicCoreRenderer with maxs=true frames=true
[Architectury Transformer DEBUG] Writing ddraig/net/entropica/client/renderer/EssenceOrbRenderer$1 with maxs=true frames=true
[Architectury Transformer DEBUG] Writing ddraig/net/entropica/client/renderer/VoidRiftRenderer with maxs=true frames=true
[Architectury Transformer DEBUG] Writing ddraig/net/entropica/client/renderer/GrotRenderer with maxs=true frames=true
[Architectury Transformer DEBUG] Writing ddraig/net/entropica/client/renderer/AethericSynthesizerRenderer$SynthesizerRenderState with maxs=true frames=true
[Architectury Transformer DEBUG] Writing ddraig/net/entropica/client/renderer/SporeDrifterModel with maxs=true frames=true
[Architectury Transformer DEBUG] Writing ddraig/net/entropica/client/renderer/GrotRenderState with maxs=true frames=true
[Architectury Transformer DEBUG] Writing ddraig/net/entropica/client/renderer/RitualBowlRenderer with maxs=true frames=true
[Architectury Transformer DEBUG] Writing ddraig/net/entropica/client/renderer/CreativeMateriaGeneratorRenderer$GeneratorRenderState with maxs=true frames=true
[Architectury Transformer DEBUG] Writing ddraig/net/entropica/client/renderer/EssenceNodeRenderer$EssenceNodeRenderState with maxs=true frames=true
[Architectury Transformer DEBUG] Writing ddraig/net/entropica/client/renderer/MateriaReadoutRenderer with maxs=true frames=true
[Architectury Transformer DEBUG] Writing ddraig/net/entropica/client/renderer/AethericSynthesizerRenderer with maxs=true frames=true
[Architectury Transformer DEBUG] Writing ddraig/net/entropica/client/renderer/MateriaVesselControllerRenderer with maxs=true frames=true
[Architectury Transformer DEBUG] Writing ddraig/net/entropica/client/renderer/AttunementPedestalRenderer$PedestalRenderState with maxs=true frames=true
[Architectury Transformer DEBUG] Writing ddraig/net/entropica/client/renderer/VoidRiftRenderer$RiftItemState with maxs=true frames=true
[Architectury Transformer DEBUG] Writing ddraig/net/entropica/client/renderer/VaporPneumaticPipeRenderer with maxs=true frames=true
[Architectury Transformer DEBUG] Writing ddraig/net/entropica/client/renderer/EntropicCoreRenderer$1 with maxs=true frames=true
[Architectury Transformer DEBUG] Writing ddraig/net/entropica/client/renderer/VeilFoxAfterimageRenderer with maxs=true frames=true
[Architectury Transformer DEBUG] Writing ddraig/net/entropica/client/renderer/EmberwingModel with maxs=true frames=true
[Architectury Transformer DEBUG] Writing ddraig/net/entropica/client/renderer/VaporPneumaticPipeRenderer$VisFumePipeRenderState with maxs=true frames=true
[Architectury Transformer DEBUG] Writing ddraig/net/entropica/client/renderer/AshenStalkerRenderer with maxs=true frames=true
[Architectury Transformer DEBUG] Writing ddraig/net/entropica/client/renderer/GlacialHydraModel with maxs=true frames=true
[Architectury Transformer DEBUG] Writing ddraig/net/entropica/client/renderer/EssenceNodeRenderer with maxs=true frames=true
[Architectury Transformer DEBUG] Writing ddraig/net/entropica/client/renderer/ManaEnrichedGlassRenderer$GlassRenderState with maxs=true frames=true
[Architectury Transformer DEBUG] Writing ddraig/net/entropica/client/renderer/EssenceReadoutRenderer$ReadoutRenderState with maxs=true frames=true
[Architectury Transformer DEBUG] Writing ddraig/net/entropica/client/renderer/EidolicShadowRenderer$ShadowRenderState with maxs=true frames=true
[Architectury Transformer DEBUG] Writing ddraig/net/entropica/client/renderer/AttunementPedestalRenderer with maxs=true frames=true
[Architectury Transformer DEBUG] Writing ddraig/net/entropica/client/renderer/MateriaReadoutRenderer$1 with maxs=true frames=true
[Architectury Transformer DEBUG] Writing ddraig/net/entropica/client/renderer/DilutedEssenceFluidBlockRenderer with maxs=true frames=true
[Architectury Transformer DEBUG] Writing ddraig/net/entropica/client/renderer/ManaEnrichedGlassRenderer with maxs=true frames=true
[Architectury Transformer DEBUG] Writing ddraig/net/entropica/client/renderer/CreativeMateriaGeneratorRenderer with maxs=true frames=true
[Architectury Transformer DEBUG] Writing ddraig/net/entropica/client/renderer/GrotJellyLayer with maxs=true frames=true
[Architectury Transformer DEBUG] Writing ddraig/net/entropica/client/renderer/EidolicPathRenderer with maxs=true frames=true
[Architectury Transformer DEBUG] Writing ddraig/net/entropica/client/renderer/AethericAutomatorRenderer$AutomatorRenderState with maxs=true frames=true
[Architectury Transformer DEBUG] Writing ddraig/net/entropica/client/renderer/ManaFurnaceRenderer$FurnaceRenderState with maxs=true frames=true
[Architectury Transformer DEBUG] Writing ddraig/net/entropica/client/renderer/EssenceOrbRenderer$EssenceOrbRenderState with maxs=true frames=true
[Architectury Transformer DEBUG] Writing ddraig/net/entropica/client/renderer/CreativeParticleGeneratorRenderer with maxs=true frames=true
[Architectury Transformer DEBUG] Writing ddraig/net/entropica/client/renderer/VoidRiftRenderer$VoidRiftRenderState with maxs=true frames=true
[Architectury Transformer DEBUG] Writing ddraig/net/entropica/client/renderer/RitualBowlRenderer$BowlRenderState with maxs=true frames=true
[Architectury Transformer DEBUG] Writing ddraig/net/entropica/client/renderer/StormKiteModel with maxs=true frames=true
[Architectury Transformer DEBUG] Writing ddraig/net/entropica/client/renderer/EnrichmentTableRenderer$EnrichmentTableRenderState with maxs=true frames=true
[Architectury Transformer DEBUG] Writing ddraig/net/entropica/client/renderer/EssenceReadoutRenderer with maxs=true frames=true
[Architectury Transformer DEBUG] Writing ddraig/net/entropica/client/renderer/AshenStalkerRenderState with maxs=true frames=true
[Architectury Transformer DEBUG] Writing ddraig/net/entropica/client/renderer/CrucibleRenderer with maxs=true frames=true
[Architectury Transformer DEBUG] Writing ddraig/net/entropica/client/renderer/ManaFurnaceRenderer with maxs=true frames=true
[Architectury Transformer DEBUG] Writing ddraig/net/entropica/client/renderer/EnrichmentTableRenderer with maxs=true frames=true
[Architectury Transformer DEBUG] Writing ddraig/net/entropica/client/renderer/CreativeMateriaGeneratorRenderer$1 with maxs=true frames=true
[Architectury Transformer DEBUG] Writing ddraig/net/entropica/client/renderer/EssenceOrbRenderer with maxs=true frames=true
[Architectury Transformer DEBUG] Writing ddraig/net/entropica/client/renderer/CreativeParticleGeneratorRenderer$1 with maxs=true frames=true
[Architectury Transformer DEBUG] Writing ddraig/net/entropica/client/renderer/EidolicShadowRenderer with maxs=true frames=true
[Architectury Transformer DEBUG] Writing ddraig/net/entropica/client/renderer/AethericAutomatorRenderer with maxs=true frames=true
[Architectury Transformer DEBUG] Writing ddraig/net/entropica/client/renderer/EntropicCoreRenderer$CoreRenderState with maxs=true frames=true
[Architectury Transformer DEBUG] Writing ddraig/net/entropica/client/renderer/VeilFoxEyesLayer with maxs=true frames=true
[Architectury Transformer DEBUG] Writing ddraig/net/entropica/client/renderer/MateriaVesselControllerRenderer$VesselRenderState with maxs=true frames=true
[Architectury Transformer DEBUG] Writing ddraig/net/entropica/client/renderer/EidolicFocalPedestalRenderer$LatheRenderState with maxs=true frames=true
[Architectury Transformer DEBUG] Writing ddraig/net/entropica/client/renderer/VeilFoxRenderState with maxs=true frames=true
[Architectury Transformer DEBUG] Writing ddraig/net/entropica/client/renderer/MateriaReadoutRenderer$ReadoutRenderState with maxs=true frames=true
[Architectury Transformer DEBUG] Writing ddraig/net/entropica/client/renderer/VeilFoxRenderer with maxs=true frames=true
[Architectury Transformer DEBUG] Writing ddraig/net/entropica/client/renderer/EidolicShadowModel with maxs=true frames=true
[Architectury Transformer DEBUG] Writing ddraig/net/entropica/client/renderer/LuminothModel with maxs=true frames=true
[Architectury Transformer DEBUG] Writing ddraig/net/entropica/client/renderer/CrucibleRenderer$CrucibleRenderState with maxs=true frames=true
[Architectury Transformer DEBUG] Writing ddraig/net/entropica/client/renderer/CreativeParticleGeneratorRenderer$ParticleRenderState with maxs=true frames=true
[Architectury Transformer DEBUG] Writing ddraig/net/entropica/client/renderer/item/DynamicWeaponRenderer$ShortbowModel with maxs=true frames=true
[Architectury Transformer DEBUG] Writing ddraig/net/entropica/client/renderer/item/DynamicWeaponRenderer$PickaxeModel with maxs=true frames=true
[Architectury Transformer DEBUG] Writing ddraig/net/entropica/client/renderer/item/DynamicWeaponRenderer$LongswordModel with maxs=true frames=true
[Architectury Transformer DEBUG] Writing ddraig/net/entropica/client/renderer/item/DynamicWeaponRenderer$MorningStarModel with maxs=true frames=true
[Architectury Transformer DEBUG] Writing ddraig/net/entropica/client/renderer/item/DynamicWeaponRenderer$CrossbowModel with maxs=true frames=true
[Architectury Transformer DEBUG] Writing ddraig/net/entropica/client/renderer/item/DynamicWeaponRenderer$MaceModel with maxs=true frames=true
[Architectury Transformer DEBUG] Writing ddraig/net/entropica/client/renderer/item/DynamicWeaponRenderer$RepeaterModel with maxs=true frames=true
[Architectury Transformer DEBUG] Writing ddraig/net/entropica/client/renderer/item/DynamicWeaponRenderer$ShovelModel with maxs=true frames=true
[Architectury Transformer DEBUG] Writing ddraig/net/entropica/client/renderer/item/DynamicWeaponRenderer$AkrafenaModel with maxs=true frames=true
[Architectury Transformer DEBUG] Writing ddraig/net/entropica/client/renderer/item/DynamicWeaponRenderer$AdzeModel with maxs=true frames=true
[Architectury Transformer DEBUG] Writing ddraig/net/entropica/client/renderer/item/DynamicWeaponRenderer$PaxelModel with maxs=true frames=true
[Architectury Transformer DEBUG] Writing ddraig/net/entropica/client/renderer/item/DynamicWeaponRenderer$Unbaked with maxs=true frames=true
[Architectury Transformer DEBUG] Writing ddraig/net/entropica/client/renderer/item/DynamicWeaponRenderer$HalberdModel with maxs=true frames=true
[Architectury Transformer DEBUG] Writing ddraig/net/entropica/client/renderer/item/DynamicWeaponRenderer with maxs=true frames=true
[Architectury Transformer DEBUG] Writing ddraig/net/entropica/client/renderer/item/DynamicWeaponRenderer$ShortswordModel with maxs=true frames=true
[Architectury Transformer DEBUG] Writing ddraig/net/entropica/client/renderer/item/DynamicWeaponRenderer$WarhammerModel with maxs=true frames=true
[Architectury Transformer DEBUG] Writing ddraig/net/entropica/client/renderer/item/DynamicWeaponRenderer$BeardAxeModel with maxs=true frames=true
[Architectury Transformer DEBUG] Writing ddraig/net/entropica/client/renderer/item/DynamicWeaponRenderer$GladiusModel with maxs=true frames=true
[Architectury Transformer DEBUG] Writing ddraig/net/entropica/client/renderer/item/DynamicWeaponRenderer$PoleAxeModel with maxs=true frames=true
[Architectury Transformer DEBUG] Writing ddraig/net/entropica/client/renderer/item/DynamicWeaponRenderer$HandAxeModel with maxs=true frames=true
[Architectury Transformer DEBUG] Writing ddraig/net/entropica/client/renderer/item/DynamicWeaponRenderer$LongbowModel with maxs=true frames=true
[Architectury Transformer DEBUG] Writing ddraig/net/entropica/client/renderer/item/DynamicWeaponRenderer$SpearModel with maxs=true frames=true
[Architectury Transformer DEBUG] Writing ddraig/net/entropica/client/renderer/item/DynamicWeaponRenderer$WarAxeModel with maxs=true frames=true
[Architectury Transformer DEBUG] Writing ddraig/net/entropica/client/renderer/item/DynamicWeaponRenderer$WarBowModel with maxs=true frames=true
[Architectury Transformer DEBUG] Writing ddraig/net/entropica/client/renderer/item/DynamicWeaponRenderer$WeaponModel with maxs=true frames=true
[Architectury Transformer DEBUG] Writing ddraig/net/entropica/client/particle/FumeParticleOption with maxs=true frames=true
[Architectury Transformer DEBUG] Writing ddraig/net/entropica/client/particle/FumeParticle$Provider with maxs=true frames=true
[Architectury Transformer DEBUG] Writing ddraig/net/entropica/client/particle/FumeParticle with maxs=true frames=true
[Architectury Transformer DEBUG] Writing ddraig/net/entropica/client/model/VeilFoxModel with maxs=true frames=true
[Architectury Transformer DEBUG] Writing ddraig/net/entropica/client/model/AshenStalkerModel with maxs=true frames=true
[Architectury Transformer DEBUG] Writing ddraig/net/entropica/client/model/GrotModel with maxs=true frames=true
[Architectury Transformer DEBUG] Writing ddraig/net/entropica/client/model/ModModelLayers with maxs=true frames=true
[Architectury Transformer DEBUG] Writing ddraig/net/entropica/client/gui/SynthesizerUserInterfaceScreen with maxs=true frames=true
[Architectury Transformer DEBUG] Writing ddraig/net/entropica/client/gui/WeaponNamingScreen with maxs=true frames=true
[Architectury Transformer DEBUG] Writing ddraig/net/entropica/block/ManaFurnaceBlock with maxs=true frames=true
[Architectury Transformer DEBUG] Writing ddraig/net/entropica/block/VasCellBlock with maxs=true frames=true
[Architectury Transformer DEBUG] Writing ddraig/net/entropica/block/EidolicFocalPedestalBlock with maxs=true frames=true
[Architectury Transformer DEBUG] Writing ddraig/net/entropica/block/AethericAutomatorBlock with maxs=true frames=true
[Architectury Transformer DEBUG] Writing ddraig/net/entropica/block/CatalystReceptacleBlock with maxs=true frames=true
[Architectury Transformer DEBUG] Writing ddraig/net/entropica/block/VaporPneumaticDiverterBlock$1 with maxs=true frames=true
[Architectury Transformer DEBUG] Writing ddraig/net/entropica/block/HydraulicPipelineBlock with maxs=true frames=true
[Architectury Transformer DEBUG] Writing ddraig/net/entropica/block/PristineConduitBlock with maxs=true frames=true
[Architectury Transformer DEBUG] Writing ddraig/net/entropica/block/SublimatedOrbisCellBlock with maxs=true frames=true
[Architectury Transformer DEBUG] Writing ddraig/net/entropica/block/EssenceReceptacleBlock with maxs=true frames=true
[Architectury Transformer DEBUG] Writing ddraig/net/entropica/block/AthanorConduitBlock$1 with maxs=true frames=true
[Architectury Transformer DEBUG] Writing ddraig/net/entropica/block/ViscousAgitatorBlock$1 with maxs=true frames=true
[Architectury Transformer DEBUG] Writing ddraig/net/entropica/block/EssenceReadoutBlock with maxs=true frames=true
[Architectury Transformer DEBUG] Writing ddraig/net/entropica/block/AthanorCoreBlock with maxs=true frames=true
[Architectury Transformer DEBUG] Writing ddraig/net/entropica/block/VoltaicConduitBlock with maxs=true frames=true
[Architectury Transformer DEBUG] Writing ddraig/net/entropica/block/DilutedEssenceFluidBlock with maxs=true frames=true
[Architectury Transformer DEBUG] Writing ddraig/net/entropica/block/PneumaticCalixBlock with maxs=true frames=true
[Architectury Transformer DEBUG] Writing ddraig/net/entropica/block/SanguineConduitBlock with maxs=true frames=true
[Architectury Transformer DEBUG] Writing ddraig/net/entropica/block/MateriaExhaustBlock with maxs=true frames=true
[Architectury Transformer DEBUG] Writing ddraig/net/entropica/block/EntropicCoreBlock with maxs=true frames=true
[Architectury Transformer DEBUG] Writing ddraig/net/entropica/block/ThecaCellBlock with maxs=true frames=true
[Architectury Transformer DEBUG] Writing ddraig/net/entropica/block/FurnaceHatchBlock with maxs=true frames=true
[Architectury Transformer DEBUG] Writing ddraig/net/entropica/block/MateriaFilterBlock with maxs=true frames=true
[Architectury Transformer DEBUG] Writing ddraig/net/entropica/block/AethericSynthesizerBlock with maxs=true frames=true
[Architectury Transformer DEBUG] Writing ddraig/net/entropica/block/MateriaMotorBlock with maxs=true frames=true
[Architectury Transformer DEBUG] Writing ddraig/net/entropica/block/VaporPneumaticPipeBlock$1 with maxs=true frames=true
[Architectury Transformer DEBUG] Writing ddraig/net/entropica/block/RitualBowlBlock with maxs=true frames=true
[Architectury Transformer DEBUG] Writing ddraig/net/entropica/block/SanguineConduitBlock$1 with maxs=true frames=true
[Architectury Transformer DEBUG] Writing ddraig/net/entropica/block/MonadCoreBlock with maxs=true frames=true
[Architectury Transformer DEBUG] Writing ddraig/net/entropica/block/VaporPneumaticOneWayValveBlock with maxs=true frames=true
[Architectury Transformer DEBUG] Writing ddraig/net/entropica/block/AttunementPedestalBlock with maxs=true frames=true
[Architectury Transformer DEBUG] Writing ddraig/net/entropica/block/CrucibleBlock with maxs=true frames=true
[Architectury Transformer DEBUG] Writing ddraig/net/entropica/block/MateriaReadoutBlock with maxs=true frames=true
[Architectury Transformer DEBUG] Writing ddraig/net/entropica/block/EquilibriumConduitBlock with maxs=true frames=true
[Architectury Transformer DEBUG] Writing ddraig/net/entropica/block/MateriaVesselControllerBlock with maxs=true frames=true
[Architectury Transformer DEBUG] Writing ddraig/net/entropica/block/VoltaicCalixBlock with maxs=true frames=true
[Architectury Transformer DEBUG] Writing ddraig/net/entropica/block/VoltaicConduitBlock$1 with maxs=true frames=true
[Architectury Transformer DEBUG] Writing ddraig/net/entropica/block/ExtractorOutputPortBlock with maxs=true frames=true
[Architectury Transformer DEBUG] Writing ddraig/net/entropica/block/ViscousAgitatorBlock with maxs=true frames=true
[Architectury Transformer DEBUG] Writing ddraig/net/entropica/block/EquilibriumConduitBlock$1 with maxs=true frames=true
[Architectury Transformer DEBUG] Writing ddraig/net/entropica/block/EssenceNodeIdentifierBlock with maxs=true frames=true
[Architectury Transformer DEBUG] Writing ddraig/net/entropica/block/OrbisCellBlock with maxs=true frames=true
[Architectury Transformer DEBUG] Writing ddraig/net/entropica/block/SynthesizerUserInterfaceBlock with maxs=true frames=true
[Architectury Transformer DEBUG] Writing ddraig/net/entropica/block/MateriaSimpleMachineBlock with maxs=true frames=true
[Architectury Transformer DEBUG] Writing ddraig/net/entropica/block/VaporPneumaticDiverterBlock with maxs=true frames=true
[Architectury Transformer DEBUG] Writing ddraig/net/entropica/block/CreativeMateriaGeneratorBlock with maxs=true frames=true
[Architectury Transformer DEBUG] Writing ddraig/net/entropica/block/SynthesizerUserInterfaceBlock$1 with maxs=true frames=true
[Architectury Transformer DEBUG] Writing ddraig/net/entropica/block/MateriaExtractionApparatusBlock with maxs=true frames=true
[Architectury Transformer DEBUG] Writing ddraig/net/entropica/block/VoidRiftBlock with maxs=true frames=true
[Architectury Transformer DEBUG] Writing ddraig/net/entropica/block/VaporPneumaticValveBlock with maxs=true frames=true
[Architectury Transformer DEBUG] Writing ddraig/net/entropica/block/MatrixCalixBlock with maxs=true frames=true
[Architectury Transformer DEBUG] Writing ddraig/net/entropica/block/MateriaExtractorBaseBlock with maxs=true frames=true
[Architectury Transformer DEBUG] Writing ddraig/net/entropica/block/PristineConduitBlock$1 with maxs=true frames=true
[Architectury Transformer DEBUG] Writing ddraig/net/entropica/block/HydraulicInputPortBlock with maxs=true frames=true
[Architectury Transformer DEBUG] Writing ddraig/net/entropica/block/EnrichmentTableBlock with maxs=true frames=true
[Architectury Transformer DEBUG] Writing ddraig/net/entropica/block/VaporPneumaticPipeBlock with maxs=true frames=true
[Architectury Transformer DEBUG] Writing ddraig/net/entropica/block/ManaEnrichedGlassBlock with maxs=true frames=true
[Architectury Transformer DEBUG] Writing ddraig/net/entropica/block/VaporPneumaticInputPortBlock with maxs=true frames=true
[Architectury Transformer DEBUG] Writing ddraig/net/entropica/block/AthanorConduitBlock with maxs=true frames=true
[Architectury Transformer DEBUG] Writing ddraig/net/entropica/block/CreativeParticleGeneratorBlock with maxs=true frames=true
[Architectury Transformer DEBUG] Writing ddraig/net/entropica/block/MateriaPressureChamberControllerBlock with maxs=true frames=true
[Architectury Transformer DEBUG] Writing ddraig/net/entropica/block/ManaPlumeBlock with maxs=true frames=true
[Architectury Transformer DEBUG] Writing ddraig/net/entropica/block/MateriaVesselPortBlock with maxs=true frames=true
[Architectury Transformer DEBUG] Writing ddraig/net/entropica/block/MateriaComplexMachineBlock with maxs=true frames=true
[Architectury Transformer DEBUG] Writing ddraig/net/entropica/block/HydraulicPipelineBlock$1 with maxs=true frames=true
[Architectury Transformer DEBUG] Writing ddraig/net/entropica/block/VaporPneumaticValveBlock$1 with maxs=true frames=true
[Architectury Transformer DEBUG] Writing ddraig/net/entropica/block/entity/MateriaVesselPortBlockEntity with maxs=true frames=true
[Architectury Transformer DEBUG] Writing ddraig/net/entropica/block/entity/VaporPneumaticPipeBlockEntity$PipeTier with maxs=true frames=true
[Architectury Transformer DEBUG] Writing ddraig/net/entropica/block/entity/EntropicCoreBlockEntity$BurnMode with maxs=true frames=true
[Architectury Transformer DEBUG] Writing ddraig/net/entropica/block/entity/AethericSynthesizerBlockEntity with maxs=true frames=true
[Architectury Transformer DEBUG] Writing ddraig/net/entropica/block/entity/EquilibriumConduitBlockEntity with maxs=true frames=true
[Architectury Transformer DEBUG] Writing ddraig/net/entropica/block/entity/VoidRiftBlockEntity$TransitItem with maxs=true frames=true
[Architectury Transformer DEBUG] Writing ddraig/net/entropica/block/entity/EidolicLatheBlockEntity$1 with maxs=true frames=true
[Architectury Transformer DEBUG] Writing ddraig/net/entropica/block/entity/EidolicLatheBlockEntity with maxs=true frames=true
[Architectury Transformer DEBUG] Writing ddraig/net/entropica/block/entity/OrbisCellBlockEntity with maxs=true frames=true
[Architectury Transformer DEBUG] Writing ddraig/net/entropica/block/entity/VaporPneumaticDiverterBlockEntity with maxs=true frames=true
[Architectury Transformer DEBUG] Writing ddraig/net/entropica/block/entity/MateriaPressureChamberControllerBlockEntity with maxs=true frames=true
[Architectury Transformer DEBUG] Writing ddraig/net/entropica/block/entity/ManaPlumeBlockEntity with maxs=true frames=true
[Architectury Transformer DEBUG] Writing ddraig/net/entropica/block/entity/EntropicCoreBlockEntity with maxs=true frames=true
[Architectury Transformer DEBUG] Writing ddraig/net/entropica/block/entity/MateriaVesselPortBlockEntity$PortMode with maxs=true frames=true
[Architectury Transformer DEBUG] Writing ddraig/net/entropica/block/entity/VasCellBlockEntity with maxs=true frames=true
[Architectury Transformer DEBUG] Writing ddraig/net/entropica/block/entity/SanguineConduitBlockEntity with maxs=true frames=true
[Architectury Transformer DEBUG] Writing ddraig/net/entropica/block/entity/EntropicCoreBlockEntity$1 with maxs=true frames=true
[Architectury Transformer DEBUG] Writing ddraig/net/entropica/block/entity/MateriaVesselControllerBlockEntity with maxs=true frames=true
[Architectury Transformer DEBUG] Writing ddraig/net/entropica/block/entity/MonadCoreBlockEntity with maxs=true frames=true
[Architectury Transformer DEBUG] Writing ddraig/net/entropica/block/entity/VoltaicConduitBlockEntity with maxs=true frames=true
[Architectury Transformer DEBUG] Writing ddraig/net/entropica/block/entity/PristineConduitBlockEntity with maxs=true frames=true
[Architectury Transformer DEBUG] Writing ddraig/net/entropica/block/entity/AthanorConduitBlockEntity with maxs=true frames=true
[Architectury Transformer DEBUG] Writing ddraig/net/entropica/block/entity/VaporPneumaticPipeBlockEntity with maxs=true frames=true
[Architectury Transformer DEBUG] Writing ddraig/net/entropica/block/entity/VoidRiftBlockEntity with maxs=true frames=true
[Architectury Transformer DEBUG] Writing ddraig/net/entropica/block/entity/EssenceReadoutBlockEntity with maxs=true frames=true
[Architectury Transformer DEBUG] Writing ddraig/net/entropica/block/entity/AttunementPedestalBlockEntity$1 with maxs=true frames=true
[Architectury Transformer DEBUG] Writing ddraig/net/entropica/block/entity/MateriaReadoutBlockEntity with maxs=true frames=true
[Architectury Transformer DEBUG] Writing ddraig/net/entropica/block/entity/AthanorCoreBlockEntity with maxs=true frames=true
[Architectury Transformer DEBUG] Writing ddraig/net/entropica/block/entity/AethericAutomatorBlockEntity with maxs=true frames=true
[Architectury Transformer DEBUG] Writing ddraig/net/entropica/block/entity/CrucibleBlockEntity with maxs=true frames=true
[Architectury Transformer DEBUG] Writing ddraig/net/entropica/block/entity/CrucibleBlockEntity$1 with maxs=true frames=true
[Architectury Transformer DEBUG] Writing ddraig/net/entropica/block/entity/CreativeParticleGeneratorBlockEntity with maxs=true frames=true
[Architectury Transformer DEBUG] Writing ddraig/net/entropica/block/entity/VaporPneumaticValveBlockEntity with maxs=true frames=true
[Architectury Transformer DEBUG] Writing ddraig/net/entropica/block/entity/VaporPneumaticOneWayValveBlockEntity with maxs=true frames=true
[Architectury Transformer DEBUG] Writing ddraig/net/entropica/block/entity/EnrichmentTableBlockEntity with maxs=true frames=true
[Architectury Transformer DEBUG] Writing ddraig/net/entropica/block/entity/PneumaticCalixBlockEntity with maxs=true frames=true
[Architectury Transformer DEBUG] Writing ddraig/net/entropica/block/entity/VaporPneumaticInputPortBlockEntity with maxs=true frames=true
[Architectury Transformer DEBUG] Writing ddraig/net/entropica/block/entity/EssenceReceptacleBlockEntity with maxs=true frames=true
[Architectury Transformer DEBUG] Writing ddraig/net/entropica/block/entity/MatrixCalixBlockEntity with maxs=true frames=true
[Architectury Transformer DEBUG] Writing ddraig/net/entropica/block/entity/ThecaCellBlockEntity with maxs=true frames=true
[Architectury Transformer DEBUG] Writing ddraig/net/entropica/block/entity/SublimatedOrbisCellBlockEntity with maxs=true frames=true
[Architectury Transformer DEBUG] Writing ddraig/net/entropica/block/entity/ViscousAgitatorBlockEntity with maxs=true frames=true
[Architectury Transformer DEBUG] Writing ddraig/net/entropica/block/entity/RitualBowlBlockEntity with maxs=true frames=true
[Architectury Transformer DEBUG] Writing ddraig/net/entropica/block/entity/AttunementPedestalBlockEntity with maxs=true frames=true
[Architectury Transformer DEBUG] Writing ddraig/net/entropica/block/entity/MateriaFilterBlockEntity with maxs=true frames=true
[Architectury Transformer DEBUG] Writing ddraig/net/entropica/block/entity/ManaFurnaceBlockEntity with maxs=true frames=true
[Architectury Transformer DEBUG] Writing ddraig/net/entropica/block/entity/CreativeMateriaGeneratorBlockEntity with maxs=true frames=true
[Architectury Transformer DEBUG] Writing ddraig/net/entropica/block/entity/RitualBowlBlockEntity$1 with maxs=true frames=true
[Architectury Transformer DEBUG] Writing ddraig/net/entropica/block/entity/VaporPneumaticPipeBlockEntity$PathNode with maxs=true frames=true
[Architectury Transformer DEBUG] Writing ddraig/net/entropica/block/entity/DilutedEssenceFluidBlockEntity with maxs=true frames=true
[Architectury Transformer DEBUG] Writing ddraig/net/entropica/block/entity/ManaEnrichedGlassBlockEntity with maxs=true frames=true
[Architectury Transformer DEBUG] Writing ddraig/net/entropica/block/entity/AethericSynthesizerBlockEntity$1 with maxs=true frames=true
[Architectury Transformer DEBUG] Writing ddraig/net/entropica/block/entity/VoltaicCalixBlockEntity with maxs=true frames=true
[Architectury Transformer DEBUG] Writing ddraig/net/entropica/block/entity/HydraulicPipelineBlockEntity with maxs=true frames=true
[Architectury Transformer DEBUG] Writing ddraig/net/entropica/block/entity/CatalystReceptacleBlockEntity with maxs=true frames=true
[Architectury Transformer DEBUG] Writing ddraig/net/entropica/api/EssenceType with maxs=true frames=true
[Architectury Transformer DEBUG] Writing ddraig/net/entropica/api/ItemEssenceMap$EssenceValue with maxs=true frames=true
[Architectury Transformer DEBUG] Writing ddraig/net/entropica/api/ItemEssenceMap with maxs=true frames=true
[Architectury Transformer DEBUG] Writing ddraig/net/entropica/api/materia/MateriaLiminaliaStack with maxs=true frames=true
[Architectury Transformer DEBUG] Writing ddraig/net/entropica/api/materia/MateriaPerfectaStack$1 with maxs=true frames=true
[Architectury Transformer DEBUG] Writing ddraig/net/entropica/api/materia/ILiquidMateriaMultiblock with maxs=true frames=true
[Architectury Transformer DEBUG] Writing ddraig/net/entropica/api/materia/MateriaFumusStack$1 with maxs=true frames=true
[Architectury Transformer DEBUG] Writing ddraig/net/entropica/api/materia/MateriaVolatilisStack$1 with maxs=true frames=true
[Architectury Transformer DEBUG] Writing ddraig/net/entropica/api/materia/MateriaLiquidaStack$1 with maxs=true frames=true
[Architectury Transformer DEBUG] Writing ddraig/net/entropica/api/materia/MateriaTransmutataStack$1 with maxs=true frames=true
[Architectury Transformer DEBUG] Writing ddraig/net/entropica/api/materia/MateriaPerfectaStack with maxs=true frames=true
[Architectury Transformer DEBUG] Writing ddraig/net/entropica/api/materia/MateriaLiquidaStack with maxs=true frames=true
[Architectury Transformer DEBUG] Writing ddraig/net/entropica/api/materia/MateriaIchorStack with maxs=true frames=true
[Architectury Transformer DEBUG] Writing ddraig/net/entropica/api/materia/IVaporMultiblockController with maxs=true frames=true
[Architectury Transformer DEBUG] Writing ddraig/net/entropica/api/materia/MateriaCoagulataStack with maxs=true frames=true
[Architectury Transformer DEBUG] Writing ddraig/net/entropica/api/materia/MateriaCoagulataStack$1 with maxs=true frames=true
[Architectury Transformer DEBUG] Writing ddraig/net/entropica/api/materia/MateriaStack with maxs=true frames=true
[Architectury Transformer DEBUG] Writing ddraig/net/entropica/api/materia/MateriaSublimataStack with maxs=true frames=true
[Architectury Transformer DEBUG] Writing ddraig/net/entropica/api/materia/MateriaIchorStack$1 with maxs=true frames=true
[Architectury Transformer DEBUG] Writing ddraig/net/entropica/api/materia/MateriaFumusStack with maxs=true frames=true
[Architectury Transformer DEBUG] Writing ddraig/net/entropica/api/materia/IVaporHandler with maxs=true frames=true
[Architectury Transformer DEBUG] Writing ddraig/net/entropica/api/materia/MateriaSublimataStack$1 with maxs=true frames=true
[Architectury Transformer DEBUG] Writing ddraig/net/entropica/api/materia/ILiquidMateriaHandler with maxs=true frames=true
[Architectury Transformer DEBUG] Writing ddraig/net/entropica/api/materia/MateriaTransmutataStack with maxs=true frames=true
[Architectury Transformer DEBUG] Writing ddraig/net/entropica/api/materia/MateriaVolatilisStack with maxs=true frames=true
[Architectury Transformer DEBUG] Writing ddraig/net/entropica/api/materia/MateriaLiminaliaStack$1 with maxs=true frames=true
[Architectury Transformer DEBUG] Closed File Systems for c:\Users\Ddraig__\Downloads\MODS_CREATION\Entropica\scratch\common-test-transformed.jar
[Architectury Transformer] Transformed jar with 5 transformer(s) in 460.3 ms
